
> react-kavia@0.1.0 start
> react-scripts start

Attempting to bind to HOST environment variable: 0.0.0.0
If this was unintentional, check that you haven't mistakenly set it in your shell.
Learn more here: https://cra.link/advanced-config

(node:23152) [DEP_WEBPACK_DEV_SERVER_ON_AFTER_SETUP_MIDDLEWARE] DeprecationWarning: 'onAfterSetupMiddleware' option is deprecated. Please use the 'setupMiddlewares' option.
(Use `node --trace-deprecation ...` to show where the warning was created)
(node:23152) [DEP_WEBPACK_DEV_SERVER_ON_BEFORE_SETUP_MIDDLEWARE] DeprecationWarning: 'onBeforeSetupMiddleware' option is deprecated. Please use the 'setupMiddlewares' option.
Starting the development server...

Compiled with warnings.

[eslint] 
src/components/AnimatedIntro.js
  Line 32:11:  'timeoutId' is assigned a value but never used  no-unused-vars

src/components/SocialIconsBar.js
  Line 66:90:  Unexpected use of comma operator  no-sequences
  Line 67:73:  Unexpected use of comma operator  no-sequences

Search for the keywords to learn more about each warning.
To ignore, add // eslint-disable-next-line to the line before.

WARNING in [eslint] 
src/components/AnimatedIntro.js
  Line 32:11:  'timeoutId' is assigned a value but never used  no-unused-vars

src/components/SocialIconsBar.js
  Line 66:90:  Unexpected use of comma operator  no-sequences
  Line 67:73:  Unexpected use of comma operator  no-sequences

webpack compiled with 1 warning
Compiling...
Failed to compile.

Module not found: Error: Can't resolve 'framer-motion' in '/home/kavia/workspace/code-generation/devportfolio-hub-98241-6f725ef9/portfolio_frontend/src/pages'
WARNING in [eslint] 
src/components/AnimatedIntro.js
  Line 32:11:  'timeoutId' is assigned a value but never used  no-unused-vars

src/components/SocialIconsBar.js
  Line 66:90:  Unexpected use of comma operator  no-sequences
  Line 67:73:  Unexpected use of comma operator  no-sequences

ERROR in ./src/pages/Home.js 15:0-39
Module not found: Error: Can't resolve 'framer-motion' in '/home/kavia/workspace/code-generation/devportfolio-hub-98241-6f725ef9/portfolio_frontend/src/pages'

webpack compiled with 1 error and 1 warning
Compiling...
Failed to compile.

Module not found: Error: Can't resolve 'framer-motion' in '/home/kavia/workspace/code-generation/devportfolio-hub-98241-6f725ef9/portfolio_frontend/src/pages'
WARNING in [eslint] 
src/components/AnimatedIntro.js
  Line 32:11:  'timeoutId' is assigned a value but never used  no-unused-vars

src/components/SocialIconsBar.js
  Line 66:90:  Unexpected use of comma operator  no-sequences
  Line 67:73:  Unexpected use of comma operator  no-sequences

ERROR in ./src/pages/Home.js 15:0-39
Module not found: Error: Can't resolve 'framer-motion' in '/home/kavia/workspace/code-generation/devportfolio-hub-98241-6f725ef9/portfolio_frontend/src/pages'

webpack compiled with 1 error and 1 warning
Compiling...
Failed to compile.

Module not found: Error: Can't resolve 'framer-motion' in '/home/kavia/workspace/code-generation/devportfolio-hub-98241-6f725ef9/portfolio_frontend/src/pages'
LOG from webpack.FileSystemInfo
<w> Managed item /home/kavia/workspace/code-generation/devportfolio-hub-98241-6f725ef9/portfolio_frontend/node_modules/framer-motion isn't a directory or doesn't contain a package.json (see snapshot.managedPaths option)
+ 13 hidden lines

WARNING in [eslint] 
src/components/AnimatedIntro.js
  Line 32:11:  'timeoutId' is assigned a value but never used  no-unused-vars

src/components/SocialIconsBar.js
  Line 66:90:  Unexpected use of comma operator  no-sequences
  Line 67:73:  Unexpected use of comma operator  no-sequences

ERROR in ./src/pages/Home.js 15:0-39
Module not found: Error: Can't resolve 'framer-motion' in '/home/kavia/workspace/code-generation/devportfolio-hub-98241-6f725ef9/portfolio_frontend/src/pages'

webpack compiled with 1 error and 1 warning
Compiling...
Failed to compile.

Module not found: Error: Can't resolve 'framer-motion' in '/home/kavia/workspace/code-generation/devportfolio-hub-98241-6f725ef9/portfolio_frontend/src/pages'
WARNING in [eslint] 
src/components/AnimatedIntro.js
  Line 32:11:  'timeoutId' is assigned a value but never used  no-unused-vars

src/components/SocialIconsBar.js
  Line 66:90:  Unexpected use of comma operator  no-sequences
  Line 67:73:  Unexpected use of comma operator  no-sequences

ERROR in ./src/pages/Home.js 15:0-39
Module not found: Error: Can't resolve 'framer-motion' in '/home/kavia/workspace/code-generation/devportfolio-hub-98241-6f725ef9/portfolio_frontend/src/pages'

webpack compiled with 1 error and 1 warning
Compiling...
Compiled with warnings.

[eslint] 
src/components/AnimatedIntro.js
  Line 32:11:  'timeoutId' is assigned a value but never used  no-unused-vars

src/components/SocialIconsBar.js
  Line 66:90:  Unexpected use of comma operator  no-sequences
  Line 67:73:  Unexpected use of comma operator  no-sequences

Search for the keywords to learn more about each warning.
To ignore, add // eslint-disable-next-line to the line before.

WARNING in [eslint] 
src/components/AnimatedIntro.js
  Line 32:11:  'timeoutId' is assigned a value but never used  no-unused-vars

src/components/SocialIconsBar.js
  Line 66:90:  Unexpected use of comma operator  no-sequences
  Line 67:73:  Unexpected use of comma operator  no-sequences

webpack compiled with 1 warning
Compiling...
Compiled with warnings.

[eslint] 
src/components/AnimatedIntro.js
  Line 32:11:  'timeoutId' is assigned a value but never used  no-unused-vars

src/components/SocialIconsBar.js
  Line 66:90:  Unexpected use of comma operator  no-sequences
  Line 67:73:  Unexpected use of comma operator  no-sequences

Search for the keywords to learn more about each warning.
To ignore, add // eslint-disable-next-line to the line before.

WARNING in [eslint] 
src/components/AnimatedIntro.js
  Line 32:11:  'timeoutId' is assigned a value but never used  no-unused-vars

src/components/SocialIconsBar.js
  Line 66:90:  Unexpected use of comma operator  no-sequences
  Line 67:73:  Unexpected use of comma operator  no-sequences

webpack compiled with 1 warning
